~

#
# GRASS
#
pos: -700,-700
repeat: 35x30
src: grass.jpg
~

#
# PATH
#
pos: 20,-360
repeat_y: 9
src: path_w.jpg
~
pos: 60,-600
repeat_y: 6
src: path_w.jpg
~
pos: 60,-360
repeat_y: 22
src: path_c.jpg
~
pos: 100,-600
repeat_y: 6
src: path_c.jpg
~
pos: 100,-320
repeat_y: 21
src: path_e.jpg
~
pos: 140,-600
repeat_y: 6
src: path_e.jpg
~

# top of right straigth path
pos: 60,-640
src: path_nw.jpg
~
pos: 100,-640
src: path_n.jpg
~
pos: 140,-640
src: path_ne.jpg
~
#end of top

# corner in straight right path
pos: 20,-400
src: path_nw.jpg
~
pos: 100,-360
src: junction_se.jpg
~
pos: 60,-400
src: junction_nw.jpg
~
pos: 140,-360
src: path_se.jpg
~
# end corner

pos: 20,0
src: junction_nw.jpg
~
pos: 20,40
src: junction_sw.jpg
~
pos: 20,80
src: path_w.jpg
repeat_y: 6
~

# open area below right path
pos: 20,320
src: junction_nw.jpg
~
pos: -20,320
src: path_nw.jpg
~
pos: -20,360
src: junction_nw.jpg
~
pos: 20,360
repeat_y: 4
src: path_c.jpg
~
pos: -140,360
repeat_x: 3
src: path_n.jpg
~
pos: -180,360
src: path_nw.jpg
~
pos: -140,400
repeat_y: 3
src: path_c.jpg
~
pos: -100,400
repeat_y: 2
repeat_x: 3
src: path_c.jpg
~
pos: -180,400
repeat_y: 3
src: path_w.jpg
~
pos: -180,520
src: path_sw.jpg
~
pos: -140,520
src: path_s.jpg
~
pos: -100,520
src: path_se.jpg
~
pos: -100,480
src: junction_se.jpg
~
pos: -60,480
src: path_s.jpg
~
pos: -20,480
src: junction_sw.jpg
~
pos: -20,520
src: path_sw.jpg
~
pos: 20,520
repeat_x: 2
src: path_s.jpg
~
pos: 100,520
src: path_se.jpg
~

# horizontal narrow path
pos: -340,0
repeat_x: 9
src: path_n.jpg
~
pos: -300,40
repeat_x: 8
src: path_s.jpg
~
pos: -380,0
src: path_nw.jpg
~
pos: -340,40
src: junction_se.jpg
~
pos: -380,40
repeat_y: 5
src: path_w.jpg
~
pos: -340,80
repeat_y: 5
src: path_e.jpg
~
pos: -380,240
src: junction_nw.jpg
~
pos: -340,280
src: path_se.jpg
~
pos: -500,240
repeat_x: 3
src: path_n.jpg
~
pos: -540,280
repeat_x: 5
src: path_s.jpg
~
pos: -540,240
src: junction_ne.jpg
~
pos: -580,280
src: path_sw.jpg
~
pos: -580,120
repeat_y: 4
src: path_w.jpg
~
pos: -540,80
repeat_y: 4
src: path_e.jpg
~
pos: -580,80
src: junction_sw.jpg
~
pos: -540,40
src: path_ne.jpg
~
pos: -620,80
src: path_sw.jpg
~
pos: -580,40
src: junction_ne.jpg
~
pos: -620,-80
repeat_y: 4
src: path_w.jpg
~
pos: -580,-80
repeat_y: 3
src: path_e.jpg
~
pos: -620,-120
src: path_nw.jpg
~
pos: -580,-120
src: path_ne.jpg
~

#
# FENCE
#
pos: -200,-200
src: fence_pole_s.png
walkable: false
~
pos: -369,-380
src: fence_pole_s.png
walkable: false
~
pos: -367,-335
src: fence_ns.png
walkable: false
~
pos: -367,-295
src: fence_ns.png
walkable: false
~
pos: -375,-250
src: fence_corner_w_n.png
walkable: false
~
pos: -415,-243
src: fence_we.png
walkable: false
~
pos: -455,-250
src: fence_corner_e_s.png
walkable: false
~
pos: -447,-175
src: fence_ns.png
walkable: false
~
pos: -447,-135
src: fence_ns.png
walkable: false
~
pos: -447,-95
src: fence_ns.png
walkable: false
~
pos: -447,-55
src: fence_ns.png
walkable: false
~
pos: -447,-15
src: fence_ns.png
walkable: false
~
pos: -447,25
src: fence_ns.png
walkable: false
~
pos: -447,65
src: fence_ns.png
walkable: false
~
pos: -447,105
src: fence_ns.png
walkable: false
~
pos: -450,150
src: fence_pole_n.png
walkable: false
~

#
# BUILDINGS
#
pos: -53,-10
size: 14x15
door: house_1
~
pos: -70,-50
src: house_w_door_1.png
walkable: false
~
